// Jest Snapshot v1, https://goo.gl/fbAQLP

exports[`Renders the App correctly 1`] = `
<div
  className="App "
>
  <main>
    <div>
      Player 1's turn
    </div>
    <div
      style={
        Object {
          "height": "1rem",
        }
      }
    />
    <div
      className="board-container"
    >
      <div
        className="board "
        id="board1"
      >
        <div
          className="board-square  disabled"
          onClick={[Function]}
          onKeyDown={[Function]}
          role="button"
          tabIndex={0}
        >
          <div
            className="counter"
            style={
              Object {
                "left": "34.3%",
                "top": "30.6%",
              }
            }
          />
          <div
            className="counter"
            style={
              Object {
                "left": "45.7%",
                "top": "49.4%",
              }
            }
          />
        </div>
        <div
          className="board-square  disabled"
          onClick={[Function]}
          onKeyDown={[Function]}
          role="button"
          tabIndex={0}
        >
          <div
            className="counter"
            style={
              Object {
                "left": "46.0%",
                "top": "30.8%",
              }
            }
          />
          <div
            className="counter"
            style={
              Object {
                "left": "34.0%",
                "top": "49.2%",
              }
            }
          />
        </div>
        <div
          className="board-square  disabled"
          onClick={[Function]}
          onKeyDown={[Function]}
          role="button"
          tabIndex={0}
        >
          <div
            className="counter"
            style={
              Object {
                "left": "50.0%",
                "top": "35.4%",
              }
            }
          />
          <div
            className="counter"
            style={
              Object {
                "left": "30.0%",
                "top": "44.6%",
              }
            }
          />
        </div>
        <div
          className="board-square  disabled"
          onClick={[Function]}
          onKeyDown={[Function]}
          role="button"
          tabIndex={0}
        >
          <div
            className="counter"
            style={
              Object {
                "left": "37.1%",
                "top": "29.4%",
              }
            }
          />
          <div
            className="counter"
            style={
              Object {
                "left": "42.9%",
                "top": "50.6%",
              }
            }
          />
        </div>
        <div
          className="board-square  disabled"
          onClick={[Function]}
          onKeyDown={[Function]}
          role="button"
          tabIndex={0}
        >
          <div
            className="counter"
            style={
              Object {
                "left": "44.3%",
                "top": "29.9%",
              }
            }
          />
          <div
            className="counter"
            style={
              Object {
                "left": "35.7%",
                "top": "50.1%",
              }
            }
          />
        </div>
        <div
          className="board-square  disabled"
          onClick={[Function]}
          onKeyDown={[Function]}
          role="button"
          tabIndex={0}
        >
          <div
            className="counter"
            style={
              Object {
                "left": "50.7%",
                "top": "37.6%",
              }
            }
          />
          <div
            className="counter"
            style={
              Object {
                "left": "29.3%",
                "top": "42.4%",
              }
            }
          />
        </div>
        <div
          className="board-square  disabled"
          onClick={[Function]}
          onKeyDown={[Function]}
          role="button"
          tabIndex={0}
        >
          <div
            className="counter"
            style={
              Object {
                "left": "49.6%",
                "top": "34.6%",
              }
            }
          />
          <div
            className="counter"
            style={
              Object {
                "left": "30.4%",
                "top": "45.4%",
              }
            }
          />
        </div>
        <div
          className="board-square  disabled"
          onClick={[Function]}
          onKeyDown={[Function]}
          role="button"
          tabIndex={0}
        >
          <div
            className="counter"
            style={
              Object {
                "left": "36.8%",
                "top": "29.5%",
              }
            }
          />
          <div
            className="counter"
            style={
              Object {
                "left": "43.2%",
                "top": "50.5%",
              }
            }
          />
        </div>
        <div
          className="board-square  disabled"
          onClick={[Function]}
          onKeyDown={[Function]}
          role="button"
          tabIndex={0}
        >
          <div
            className="counter"
            style={
              Object {
                "left": "39.6%",
                "top": "29.0%",
              }
            }
          />
          <div
            className="counter"
            style={
              Object {
                "left": "40.4%",
                "top": "51.0%",
              }
            }
          />
        </div>
        <div
          className="board-square  disabled"
          onClick={[Function]}
          onKeyDown={[Function]}
          role="button"
          tabIndex={0}
        >
          <div
            className="counter"
            style={
              Object {
                "left": "40.6%",
                "top": "29.0%",
              }
            }
          />
          <div
            className="counter"
            style={
              Object {
                "left": "39.4%",
                "top": "51.0%",
              }
            }
          />
        </div>
        <div
          className="board-square  disabled"
          onClick={[Function]}
          onKeyDown={[Function]}
          role="button"
          tabIndex={0}
        >
          <div
            className="counter"
            style={
              Object {
                "left": "51.0%",
                "top": "39.8%",
              }
            }
          />
          <div
            className="counter"
            style={
              Object {
                "left": "29.0%",
                "top": "40.2%",
              }
            }
          />
        </div>
        <div
          className="board-square  disabled"
          onClick={[Function]}
          onKeyDown={[Function]}
          role="button"
          tabIndex={0}
        >
          <div
            className="counter"
            style={
              Object {
                "left": "31.3%",
                "top": "33.3%",
              }
            }
          />
          <div
            className="counter"
            style={
              Object {
                "left": "48.7%",
                "top": "46.7%",
              }
            }
          />
        </div>
        <div
          className="board-square  disabled"
          onClick={[Function]}
          onKeyDown={[Function]}
          role="button"
          tabIndex={0}
        >
          <div
            className="counter"
            style={
              Object {
                "left": "40.1%",
                "top": "29.0%",
              }
            }
          />
          <div
            className="counter"
            style={
              Object {
                "left": "39.9%",
                "top": "51.0%",
              }
            }
          />
        </div>
        <div
          className="board-square  disabled"
          onClick={[Function]}
          onKeyDown={[Function]}
          role="button"
          tabIndex={0}
        >
          <div
            className="counter"
            style={
              Object {
                "left": "50.3%",
                "top": "36.1%",
              }
            }
          />
          <div
            className="counter"
            style={
              Object {
                "left": "29.7%",
                "top": "43.9%",
              }
            }
          />
        </div>
        <div
          className="board-square  disabled"
          onClick={[Function]}
          onKeyDown={[Function]}
          role="button"
          tabIndex={0}
        >
          <div
            className="counter"
            style={
              Object {
                "left": "32.4%",
                "top": "32.0%",
              }
            }
          />
          <div
            className="counter"
            style={
              Object {
                "left": "47.6%",
                "top": "48.0%",
              }
            }
          />
        </div>
        <div
          className="board-square  disabled"
          onClick={[Function]}
          onKeyDown={[Function]}
          role="button"
          tabIndex={0}
        >
          <div
            className="counter"
            style={
              Object {
                "left": "50.6%",
                "top": "36.9%",
              }
            }
          />
          <div
            className="counter"
            style={
              Object {
                "left": "29.4%",
                "top": "43.1%",
              }
            }
          />
        </div>
        <div
          className="anim-hand-widget "
          style={
            Object {
              "left": "calc(50% - 1rem)",
              "opacity": 0,
              "top": "calc(50% - 1rem)",
            }
          }
        />
      </div>
      <div
        style={
          Object {
            "height": "1rem",
          }
        }
      />
      <div
        className="board active"
        id="board0"
      >
        <div
          className="board-square  "
          onClick={[Function]}
          onKeyDown={[Function]}
          role="button"
          tabIndex={0}
        >
          <div
            className="counter"
            style={
              Object {
                "left": "48.2%",
                "top": "32.6%",
              }
            }
          />
          <div
            className="counter"
            style={
              Object {
                "left": "31.8%",
                "top": "47.4%",
              }
            }
          />
        </div>
        <div
          className="board-square  "
          onClick={[Function]}
          onKeyDown={[Function]}
          role="button"
          tabIndex={0}
        >
          <div
            className="counter"
            style={
              Object {
                "left": "39.6%",
                "top": "29.0%",
              }
            }
          />
          <div
            className="counter"
            style={
              Object {
                "left": "40.4%",
                "top": "51.0%",
              }
            }
          />
        </div>
        <div
          className="board-square  "
          onClick={[Function]}
          onKeyDown={[Function]}
          role="button"
          tabIndex={0}
        >
          <div
            className="counter"
            style={
              Object {
                "left": "44.5%",
                "top": "30.0%",
              }
            }
          />
          <div
            className="counter"
            style={
              Object {
                "left": "35.5%",
                "top": "50.0%",
              }
            }
          />
        </div>
        <div
          className="board-square  "
          onClick={[Function]}
          onKeyDown={[Function]}
          role="button"
          tabIndex={0}
        >
          <div
            className="counter"
            style={
              Object {
                "left": "51.0%",
                "top": "39.6%",
              }
            }
          />
          <div
            className="counter"
            style={
              Object {
                "left": "29.0%",
                "top": "40.4%",
              }
            }
          />
        </div>
        <div
          className="board-square  "
          onClick={[Function]}
          onKeyDown={[Function]}
          role="button"
          tabIndex={0}
        >
          <div
            className="counter"
            style={
              Object {
                "left": "29.1%",
                "top": "38.5%",
              }
            }
          />
          <div
            className="counter"
            style={
              Object {
                "left": "50.9%",
                "top": "41.5%",
              }
            }
          />
        </div>
        <div
          className="board-square  "
          onClick={[Function]}
          onKeyDown={[Function]}
          role="button"
          tabIndex={0}
        >
          <div
            className="counter"
            style={
              Object {
                "left": "29.1%",
                "top": "38.7%",
              }
            }
          />
          <div
            className="counter"
            style={
              Object {
                "left": "50.9%",
                "top": "41.3%",
              }
            }
          />
        </div>
        <div
          className="board-square  "
          onClick={[Function]}
          onKeyDown={[Function]}
          role="button"
          tabIndex={0}
        >
          <div
            className="counter"
            style={
              Object {
                "left": "47.8%",
                "top": "32.3%",
              }
            }
          />
          <div
            className="counter"
            style={
              Object {
                "left": "32.2%",
                "top": "47.7%",
              }
            }
          />
        </div>
        <div
          className="board-square  "
          onClick={[Function]}
          onKeyDown={[Function]}
          role="button"
          tabIndex={0}
        >
          <div
            className="counter"
            style={
              Object {
                "left": "41.3%",
                "top": "29.1%",
              }
            }
          />
          <div
            className="counter"
            style={
              Object {
                "left": "38.7%",
                "top": "50.9%",
              }
            }
          />
        </div>
        <div
          className="board-square  "
          onClick={[Function]}
          onKeyDown={[Function]}
          role="button"
          tabIndex={0}
        >
          <div
            className="counter"
            style={
              Object {
                "left": "29.1%",
                "top": "38.3%",
              }
            }
          />
          <div
            className="counter"
            style={
              Object {
                "left": "50.9%",
                "top": "41.7%",
              }
            }
          />
        </div>
        <div
          className="board-square  "
          onClick={[Function]}
          onKeyDown={[Function]}
          role="button"
          tabIndex={0}
        >
          <div
            className="counter"
            style={
              Object {
                "left": "42.9%",
                "top": "29.4%",
              }
            }
          />
          <div
            className="counter"
            style={
              Object {
                "left": "37.1%",
                "top": "50.6%",
              }
            }
          />
        </div>
        <div
          className="board-square  "
          onClick={[Function]}
          onKeyDown={[Function]}
          role="button"
          tabIndex={0}
        >
          <div
            className="counter"
            style={
              Object {
                "left": "37.2%",
                "top": "29.4%",
              }
            }
          />
          <div
            className="counter"
            style={
              Object {
                "left": "42.8%",
                "top": "50.6%",
              }
            }
          />
        </div>
        <div
          className="board-square  "
          onClick={[Function]}
          onKeyDown={[Function]}
          role="button"
          tabIndex={0}
        >
          <div
            className="counter"
            style={
              Object {
                "left": "47.7%",
                "top": "32.1%",
              }
            }
          />
          <div
            className="counter"
            style={
              Object {
                "left": "32.3%",
                "top": "47.9%",
              }
            }
          />
        </div>
        <div
          className="board-square  "
          onClick={[Function]}
          onKeyDown={[Function]}
          role="button"
          tabIndex={0}
        >
          <div
            className="counter"
            style={
              Object {
                "left": "29.0%",
                "top": "39.0%",
              }
            }
          />
          <div
            className="counter"
            style={
              Object {
                "left": "51.0%",
                "top": "41.0%",
              }
            }
          />
        </div>
        <div
          className="board-square  "
          onClick={[Function]}
          onKeyDown={[Function]}
          role="button"
          tabIndex={0}
        >
          <div
            className="counter"
            style={
              Object {
                "left": "45.3%",
                "top": "30.3%",
              }
            }
          />
          <div
            className="counter"
            style={
              Object {
                "left": "34.7%",
                "top": "49.7%",
              }
            }
          />
        </div>
        <div
          className="board-square  "
          onClick={[Function]}
          onKeyDown={[Function]}
          role="button"
          tabIndex={0}
        >
          <div
            className="counter"
            style={
              Object {
                "left": "31.8%",
                "top": "32.7%",
              }
            }
          />
          <div
            className="counter"
            style={
              Object {
                "left": "48.2%",
                "top": "47.3%",
              }
            }
          />
        </div>
        <div
          className="board-square  "
          onClick={[Function]}
          onKeyDown={[Function]}
          role="button"
          tabIndex={0}
        >
          <div
            className="counter"
            style={
              Object {
                "left": "29.4%",
                "top": "36.9%",
              }
            }
          />
          <div
            className="counter"
            style={
              Object {
                "left": "50.6%",
                "top": "43.1%",
              }
            }
          />
        </div>
        <div
          className="anim-hand-widget "
          style={
            Object {
              "left": "calc(50% - 1rem)",
              "opacity": 0,
              "top": "calc(50% - 1rem)",
            }
          }
        />
      </div>
    </div>
    <div
      style={
        Object {
          "height": "1rem",
        }
      }
    />
    <div
      className="button-container"
    >
      <span>
        P1: 
        32
      </span>
      <button
        className="button "
        onClick={[Function]}
        type="button"
      >
        <i
          className="fa fa-undo"
        />
        Reset
      </button>
      <span>
        P2: 
        32
      </span>
    </div>
  </main>
  <div
    className="background-blocker hidden"
    onClick={[Function]}
    role="button"
    tabIndex={0}
  />
  <div
    className="settings-container "
  >
    <div
      className="settings"
    >
      <h3>
        Settings
      </h3>
      <div
        className="divider   "
      />
      <div
        className="toggle-switch   "
      >
        <input
          checked={true}
          id="darkMode"
          name="darkMode"
          onChange={[Function]}
          type="checkbox"
        />
        <label
          htmlFor="darkMode"
        >
          <span
            className="text"
          >
            Dark theme
          </span>
          <span
            className="outer"
          >
            <span
              className="inner"
            />
          </span>
        </label>
      </div>
      <div
        className="divider   "
      />
    </div>
  </div>
  <header>
    <div />
    <div
      className="title-container "
    >
      <h1>
        Ntchuva
      </h1>
      <div>
        Bao la Kujifunza/Bao for Beginners/Mbili-mbili
      </div>
    </div>
    <button
      className="settings-button "
      onClick={[Function]}
      onKeyDown={[Function]}
      type="button"
    >
      <i
        className="fa fa-cog"
      />
    </button>
  </header>
</div>
`;
